
// ==========================================================================
//  GPLEX error listing for lex source file <Lexer.x>
// ==========================================================================
//  Version:  1.2.2
//  Machine:  DESKTOP-64EK7A4
//  DateTime: 11/24/2020 11:23:58 AM
//  UserName: dhn03
// ==========================================================================


%namespace Parser
%using QUT.Gppg;
%option out:Generated/Lexer.cs

alpha [a-zA-Z]
digit [0-9]
alphanum {alpha}|{digit}

%%

" "|\n|\r	{}
//.*$		{}

"let"	{ return (int) Tokens.LET;  }
"in"	{ return (int) Tokens.IN;  }
"="		{ return (int) Tokens.ASN;  }
"+"		{ return (int) Tokens.ADD;  }
"-"		{ return (int) Tokens.SUB;  }
"*"		{ return (int) Tokens.MUL;  }
"/"		{ return (int) Tokens.DIV;  }
","		{ return (int) Tokens.COMMA;  }
"("		{ return (int) Tokens.LPAR;  }
")"		{ return (int) Tokens.RPAR;  }

{digit}+	{
	yylval.Value = yytext;
	return (int) Tokens.NUM;
}

{alpha}{alphanum}* {
	yylval.Value = yytext;
	return (int) Tokens.ID;
}

. {
	yylval.Value = yytext;
	return (int) Tokens.LEXERR;
}

%%

override public void yyerror(string msg, object[] args) {
	Console.WriteLine($"{msg} on line {yylloc.StartLine} column {yylocl.StartColumn}");
//-----------------^
// Error: Illegal character in this context
// ----------------------------------------
}// ==========================================================================

